this is visiable to Dev branch only
